// Jest Snapshot v1, https://goo.gl/fbAQLP

exports[`renders without crashing 1`] = `
ShallowWrapper {
  Symbol(enzyme.__root__): [Circular],
  Symbol(enzyme.__unrendered__): <ListItem
    by="NN88"
    id={18276862}
    kids={
        Array [
            18277581,
            18277336,
            18277409,
            18277173,
            18277196,
            18277523,
            18277390,
            18277302,
            18277324,
            18277514,
            18277389,
          ]
    }
    score={58}
    time={1540231727}
    title="The Secretive Business of Facial-Recognition Software in Retail Stores"
    type="story"
    url="http://nymag.com/intelligencer/2018/10/retailers-are-using-facial-recognition-technology-too.html"
/>,
  Symbol(enzyme.__renderer__): Object {
    "batchedUpdates": [Function],
    "getNode": [Function],
    "render": [Function],
    "simulateError": [Function],
    "simulateEvent": [Function],
    "unmount": [Function],
  },
  Symbol(enzyme.__node__): Object {
    "instance": null,
    "key": undefined,
    "nodeType": "class",
    "props": Object {
      "children": Array [
        <styled.a
          href="http://nymag.com/intelligencer/2018/10/retailers-are-using-facial-recognition-technology-too.html"
          rel="nofollow noreferrer noopener"
          target="_blank"
>
          <styled.h3>
                    The Secretive Business of Facial-Recognition Software in Retail Stores
                     
                    <styled.span>
                              (
                              nymag.com
                              )
                    </styled.span>
          </styled.h3>
</styled.a>,
        <styled.div>
          58
           points by
           
          <styled.a
                    href="https://news.ycombinator.com/user?id=NN88"
                    rel="nofollow noreferrer noopener"
                    target="_blank"
          >
                    NN88
          </styled.a>
           
          1 hour ago
           
           | 
          <styled.a
                    href="https://news.ycombinator.com/item?id=18276862"
                    rel="nofollow noreferrer noopener"
                    target="_blank"
          >
                    11
                     Comments
          </styled.a>
</styled.div>,
      ],
    },
    "ref": null,
    "rendered": Array [
      Object {
        "instance": null,
        "key": undefined,
        "nodeType": "class",
        "props": Object {
          "children": <styled.h3>
            The Secretive Business of Facial-Recognition Software in Retail Stores
             
            <styled.span>
                        (
                        nymag.com
                        )
            </styled.span>
</styled.h3>,
          "href": "http://nymag.com/intelligencer/2018/10/retailers-are-using-facial-recognition-technology-too.html",
          "rel": "nofollow noreferrer noopener",
          "target": "_blank",
        },
        "ref": null,
        "rendered": Object {
          "instance": null,
          "key": undefined,
          "nodeType": "class",
          "props": Object {
            "children": Array [
              "The Secretive Business of Facial-Recognition Software in Retail Stores",
              " ",
              <styled.span>
                (
                nymag.com
                )
</styled.span>,
            ],
          },
          "ref": null,
          "rendered": Array [
            "The Secretive Business of Facial-Recognition Software in Retail Stores",
            " ",
            Object {
              "instance": null,
              "key": undefined,
              "nodeType": "class",
              "props": Object {
                "children": Array [
                  "(",
                  "nymag.com",
                  ")",
                ],
              },
              "ref": null,
              "rendered": Array [
                "(",
                "nymag.com",
                ")",
              ],
              "type": [Function],
            },
          ],
          "type": [Function],
        },
        "type": [Function],
      },
      Object {
        "instance": null,
        "key": undefined,
        "nodeType": "class",
        "props": Object {
          "children": Array [
            58,
            " points by",
            " ",
            <styled.a
              href="https://news.ycombinator.com/user?id=NN88"
              rel="nofollow noreferrer noopener"
              target="_blank"
>
              NN88
</styled.a>,
            " ",
            "1 hour ago",
            " ",
            " | ",
            <styled.a
              href="https://news.ycombinator.com/item?id=18276862"
              rel="nofollow noreferrer noopener"
              target="_blank"
>
              11
               Comments
</styled.a>,
          ],
        },
        "ref": null,
        "rendered": Array [
          58,
          " points by",
          " ",
          Object {
            "instance": null,
            "key": undefined,
            "nodeType": "class",
            "props": Object {
              "children": "NN88",
              "href": "https://news.ycombinator.com/user?id=NN88",
              "rel": "nofollow noreferrer noopener",
              "target": "_blank",
            },
            "ref": null,
            "rendered": "NN88",
            "type": [Function],
          },
          " ",
          "1 hour ago",
          " ",
          " | ",
          Object {
            "instance": null,
            "key": undefined,
            "nodeType": "class",
            "props": Object {
              "children": Array [
                11,
                " Comments",
              ],
              "href": "https://news.ycombinator.com/item?id=18276862",
              "rel": "nofollow noreferrer noopener",
              "target": "_blank",
            },
            "ref": null,
            "rendered": Array [
              11,
              " Comments",
            ],
            "type": [Function],
          },
        ],
        "type": [Function],
      },
    ],
    "type": [Function],
  },
  Symbol(enzyme.__nodes__): Array [
    Object {
      "instance": null,
      "key": undefined,
      "nodeType": "class",
      "props": Object {
        "children": Array [
          <styled.a
            href="http://nymag.com/intelligencer/2018/10/retailers-are-using-facial-recognition-technology-too.html"
            rel="nofollow noreferrer noopener"
            target="_blank"
>
            <styled.h3>
                        The Secretive Business of Facial-Recognition Software in Retail Stores
                         
                        <styled.span>
                                    (
                                    nymag.com
                                    )
                        </styled.span>
            </styled.h3>
</styled.a>,
          <styled.div>
            58
             points by
             
            <styled.a
                        href="https://news.ycombinator.com/user?id=NN88"
                        rel="nofollow noreferrer noopener"
                        target="_blank"
            >
                        NN88
            </styled.a>
             
            1 hour ago
             
             | 
            <styled.a
                        href="https://news.ycombinator.com/item?id=18276862"
                        rel="nofollow noreferrer noopener"
                        target="_blank"
            >
                        11
                         Comments
            </styled.a>
</styled.div>,
        ],
      },
      "ref": null,
      "rendered": Array [
        Object {
          "instance": null,
          "key": undefined,
          "nodeType": "class",
          "props": Object {
            "children": <styled.h3>
              The Secretive Business of Facial-Recognition Software in Retail Stores
               
              <styled.span>
                            (
                            nymag.com
                            )
              </styled.span>
</styled.h3>,
            "href": "http://nymag.com/intelligencer/2018/10/retailers-are-using-facial-recognition-technology-too.html",
            "rel": "nofollow noreferrer noopener",
            "target": "_blank",
          },
          "ref": null,
          "rendered": Object {
            "instance": null,
            "key": undefined,
            "nodeType": "class",
            "props": Object {
              "children": Array [
                "The Secretive Business of Facial-Recognition Software in Retail Stores",
                " ",
                <styled.span>
                  (
                  nymag.com
                  )
</styled.span>,
              ],
            },
            "ref": null,
            "rendered": Array [
              "The Secretive Business of Facial-Recognition Software in Retail Stores",
              " ",
              Object {
                "instance": null,
                "key": undefined,
                "nodeType": "class",
                "props": Object {
                  "children": Array [
                    "(",
                    "nymag.com",
                    ")",
                  ],
                },
                "ref": null,
                "rendered": Array [
                  "(",
                  "nymag.com",
                  ")",
                ],
                "type": [Function],
              },
            ],
            "type": [Function],
          },
          "type": [Function],
        },
        Object {
          "instance": null,
          "key": undefined,
          "nodeType": "class",
          "props": Object {
            "children": Array [
              58,
              " points by",
              " ",
              <styled.a
                href="https://news.ycombinator.com/user?id=NN88"
                rel="nofollow noreferrer noopener"
                target="_blank"
>
                NN88
</styled.a>,
              " ",
              "1 hour ago",
              " ",
              " | ",
              <styled.a
                href="https://news.ycombinator.com/item?id=18276862"
                rel="nofollow noreferrer noopener"
                target="_blank"
>
                11
                 Comments
</styled.a>,
            ],
          },
          "ref": null,
          "rendered": Array [
            58,
            " points by",
            " ",
            Object {
              "instance": null,
              "key": undefined,
              "nodeType": "class",
              "props": Object {
                "children": "NN88",
                "href": "https://news.ycombinator.com/user?id=NN88",
                "rel": "nofollow noreferrer noopener",
                "target": "_blank",
              },
              "ref": null,
              "rendered": "NN88",
              "type": [Function],
            },
            " ",
            "1 hour ago",
            " ",
            " | ",
            Object {
              "instance": null,
              "key": undefined,
              "nodeType": "class",
              "props": Object {
                "children": Array [
                  11,
                  " Comments",
                ],
                "href": "https://news.ycombinator.com/item?id=18276862",
                "rel": "nofollow noreferrer noopener",
                "target": "_blank",
              },
              "ref": null,
              "rendered": Array [
                11,
                " Comments",
              ],
              "type": [Function],
            },
          ],
          "type": [Function],
        },
      ],
      "type": [Function],
    },
  ],
  Symbol(enzyme.__options__): Object {
    "adapter": ReactSixteenAdapter {
      "options": Object {
        "enableComponentDidUpdateOnSetState": true,
        "lifecycles": Object {
          "componentDidUpdate": Object {
            "onSetState": true,
          },
          "getDerivedStateFromProps": true,
          "getSnapshotBeforeUpdate": true,
          "setState": Object {
            "skipsComponentDidUpdateOnNullish": true,
          },
        },
      },
    },
  },
}
`;
